---
source: src/pretty_print.rs
expression: ast
---
let tpl_s_v0 = tuplet!(statet());

let less_than_v2 = less_than(getat(0), 
getat(3));
let sub_v3 = sub(getat(2), 
getat(1));
let tprint_v4 = tprint(sub_v3.clone(), 
getat(4));
let dowhile_v5 = dowhile(parallel!(int(1), int(2), int(3), int(4), getat(0)), 
parallel!(less_than_v2.clone(), getat(0), getat(1), getat(2), getat(3), tprint_v4.clone()));
let tpl__v6 = emptyt();
let tpl_i_v7 = tuplet!(intt());

let less_than_v9 = less_than(getat(0), 
int(3));

let switch_v11 = switch!(int(0), arg(); parallel!(int(4), int(5)));
let dowhile_v12 = dowhile(single(int(1)), 
parallel!(less_than_v9.clone(), get(switch_v11.clone(), 0)));
let concat_v13 = concat(dowhile_v5.clone(), 
dowhile_v12.clone());
