---
source: tests/files.rs
expression: visualization.result
---
@main(v0: bool) {
.v1_:
  v2_: int = const 1;
  v3_: ptr<int> = alloc v2_;
  br v0 .v4_ .v5_;
.v4_:
  v6_: int = const 2;
  store v3_ v6_;
  jmp .v7_;
.v5_:
  v8_: int = const 3;
  store v3_ v8_;
.v7_:
  v9_: int = load v3_;
  v10_: int = load v3_;
  print v9_;
  free v3_;
}
