---
source: tests/files.rs
expression: visualization.result
---
@main(v0: int) {
.v1_:
  v2_: int = const 10;
  v3_: bool = lt v0 v2_;
  br v3_ .v4_ .v5_;
.v4_:
  v6_: int = const 2;
  v7_: int = id v6_;
  jmp .v8_;
.v5_:
  v9_: int = const 3;
  v7_: int = id v9_;
.v8_:
  v10_: int = add v7_ v7_;
  print v10_;
}
