---
source: tests/files.rs
expression: "format!(\"{}\", res)"
---
@main {
.entry___:
.sblock___0:
.b1:
  v0.0: int = const 1;
  v1.0: int = const 2;
  v0_: int = const 1;
  v1_: int = const 2;
  v2.0: int = add v0_ v1_;
  ret v2.0;
.sblock___1:
.exit___:
}
@sub {
.entry___:
.sblock___0:
.b1:
  v0.0: int = const 1;
  v1.0: int = const 2;
  v2_: int = const 1;
  v3_: int = const 2;
  v2.0: int = sub v2_ v3_;
  ret v2.0;
.sblock___1:
.exit___:
}

