---
source: tests/files.rs
expression: visualization.result
---
@main {
  ret;
}
