---
source: tests/files.rs
expression: "format!(\"{}\", res)"
---
@main {
.entry___:
  v0: int = const 1;
  v1: int = const 2;
  v0_: int = const 1;
  v1_: int = const 2;
  v2: int = add v0_ v1_;
  ret;
.sblock___0:
.exit___:
}
@sub {
.entry___:
  v0: int = const 1;
  v1: int = const 2;
  v2_: int = const 1;
  v3_: int = const 2;
  v2: int = sub v2_ v3_;
  ret;
.sblock___0:
.exit___:
}

