---
source: tests/files.rs
expression: visualization.result
---
@main(v0: int) {
  v2: int = const 2;
  print v2;
}

