---
source: tests/files.rs
expression: visualization.result
---
@fac(v0: int): int {
.v1_:
  v2_: int = const 0;
  v3_: bool = eq v0 v2_;
  v4_: int = const 1;
  v5_: int = id v4_;
  br v3_ .v6_ .v7_;
.v7_:
  v8_: bool = eq v0 v4_;
  br v8_ .v9_ .v10_;
.v9_:
  v11_: bool = eq v2_ v2_;
  v12_: int = id v0;
  br v11_ .v13_ .v14_;
.v14_:
  v15_: bool = eq v0 v2_;
  br v15_ .v16_ .v17_;
.v16_:
  v18_: bool = eq v2_ v2_;
  v19_: int = id v2_;
  br v18_ .v20_ .v21_;
.v21_:
  v22_: bool = eq v2_ v2_;
  br v22_ .v23_ .v24_;
.v23_:
  v25_: int = call @fac v2_;
  v26_: int = id v2_;
.v27_:
  v19_: int = id v26_;
.v20_:
  v28_: int = id v2_;
.v29_:
  v12_: int = id v28_;
.v13_:
  v30_: int = id v0;
.v31_:
  v5_: int = id v30_;
  ret v5_;
.v24_:
  v32_: int = const -1;
  v33_: int = sub v32_ v2_;
  v34_: int = call @fac v32_;
  v35_: int = call @fac v33_;
  v36_: int = add v34_ v35_;
  v26_: int = id v36_;
  jmp .v27_;
.v17_:
  v37_: int = const -2;
  v38_: bool = eq v2_ v37_;
  v39_: int = const -1;
  v40_: bool = eq v2_ v39_;
  v41_: int = id v0;
  br v40_ .v42_ .v43_;
.v43_:
  v44_: bool = eq v0 v39_;
  br v44_ .v45_ .v46_;
.v45_:
  v47_: int = call @fac v2_;
  v48_: int = id v39_;
.v49_:
  v41_: int = id v48_;
.v42_:
  v50_: int = id v0;
  br v38_ .v51_ .v52_;
.v52_:
  v53_: bool = eq v0 v37_;
  br v53_ .v54_ .v55_;
.v54_:
  v56_: int = call @fac v2_;
  v57_: int = id v0;
.v58_:
  v50_: int = id v57_;
.v51_:
  v59_: int = add v41_ v50_;
  v28_: int = id v59_;
  jmp .v29_;
.v55_:
  v60_: int = const -4;
  v61_: int = const -3;
  v62_: int = call @fac v61_;
  v63_: int = call @fac v60_;
  v64_: int = add v62_ v63_;
  v57_: int = id v64_;
  jmp .v58_;
.v46_:
  v65_: int = const -3;
  v66_: int = const -2;
  v67_: int = call @fac v66_;
  v68_: int = call @fac v65_;
  v69_: int = add v67_ v68_;
  v48_: int = id v69_;
  jmp .v49_;
.v10_:
  v70_: int = sub v0 v4_;
  v71_: int = sub v70_ v4_;
  v72_: bool = eq v2_ v71_;
  v73_: bool = eq v2_ v70_;
  v74_: int = id v4_;
  br v73_ .v75_ .v76_;
.v76_:
  v77_: bool = eq v4_ v70_;
  br v77_ .v78_ .v79_;
.v78_:
  v80_: bool = eq v2_ v2_;
  v81_: int = id v70_;
  br v80_ .v82_ .v83_;
.v83_:
  v84_: bool = eq v2_ v70_;
  br v84_ .v85_ .v86_;
.v85_:
  v87_: int = call @fac v2_;
  v88_: int = id v2_;
.v89_:
  v81_: int = id v88_;
.v82_:
  v90_: int = id v70_;
.v91_:
  v74_: int = id v90_;
.v75_:
  v92_: int = id v4_;
  br v72_ .v93_ .v94_;
.v94_:
  v95_: bool = eq v4_ v71_;
  br v95_ .v96_ .v97_;
.v96_:
  v98_: bool = eq v2_ v2_;
  v99_: int = id v71_;
  br v98_ .v100_ .v101_;
.v101_:
  v102_: bool = eq v2_ v71_;
  br v102_ .v103_ .v104_;
.v103_:
  v105_: int = call @fac v2_;
  v106_: int = id v2_;
.v107_:
  v99_: int = id v106_;
.v100_:
  v108_: int = id v71_;
.v109_:
  v92_: int = id v108_;
.v93_:
  v110_: int = add v74_ v92_;
  v30_: int = id v110_;
  jmp .v31_;
.v104_:
  v111_: int = const -2;
  v112_: int = const -1;
  v113_: int = call @fac v112_;
  v114_: int = call @fac v111_;
  v115_: int = add v113_ v114_;
  v106_: int = id v115_;
  jmp .v107_;
.v97_:
  v116_: int = sub v71_ v4_;
  v117_: int = sub v116_ v4_;
  v118_: bool = eq v117_ v2_;
  v119_: bool = eq v116_ v2_;
  v120_: int = id v4_;
  br v119_ .v121_ .v122_;
.v122_:
  v123_: bool = eq v116_ v4_;
  br v123_ .v124_ .v125_;
.v124_:
  v126_: int = call @fac v2_;
  v127_: int = id v4_;
.v128_:
  v120_: int = id v127_;
.v121_:
  v129_: int = id v4_;
  br v118_ .v130_ .v131_;
.v131_:
  v132_: bool = eq v117_ v4_;
  br v132_ .v133_ .v134_;
.v133_:
  v135_: int = call @fac v2_;
  v136_: int = id v4_;
.v137_:
  v129_: int = id v136_;
.v130_:
  v138_: int = add v120_ v129_;
  v108_: int = id v138_;
  jmp .v109_;
.v134_:
  v139_: int = sub v117_ v4_;
  v140_: int = sub v139_ v4_;
  v141_: int = call @fac v139_;
  v142_: int = call @fac v140_;
  v143_: int = add v141_ v142_;
  v136_: int = id v143_;
  jmp .v137_;
.v125_:
  v144_: int = sub v116_ v4_;
  v145_: int = sub v144_ v4_;
  v146_: int = call @fac v144_;
  v147_: int = call @fac v145_;
  v148_: int = add v146_ v147_;
  v127_: int = id v148_;
  jmp .v128_;
.v86_:
  v149_: int = const -2;
  v150_: int = const -1;
  v151_: int = call @fac v150_;
  v152_: int = call @fac v149_;
  v153_: int = add v151_ v152_;
  v88_: int = id v153_;
  jmp .v89_;
.v79_:
  v154_: int = sub v70_ v4_;
  v155_: int = sub v154_ v4_;
  v156_: bool = eq v155_ v2_;
  v157_: bool = eq v154_ v2_;
  v158_: int = id v4_;
  br v157_ .v159_ .v160_;
.v160_:
  v161_: bool = eq v154_ v4_;
  br v161_ .v162_ .v163_;
.v162_:
  v164_: int = call @fac v2_;
  v165_: int = id v154_;
.v166_:
  v158_: int = id v165_;
.v159_:
  v167_: int = id v4_;
  br v156_ .v168_ .v169_;
.v169_:
  v170_: bool = eq v155_ v4_;
  br v170_ .v171_ .v172_;
.v171_:
  v173_: int = call @fac v2_;
  v174_: int = id v4_;
.v175_:
  v167_: int = id v174_;
.v168_:
  v176_: int = add v158_ v167_;
  v90_: int = id v176_;
  jmp .v91_;
.v172_:
  v177_: int = sub v155_ v4_;
  v178_: int = sub v177_ v4_;
  v179_: int = call @fac v177_;
  v180_: int = call @fac v178_;
  v181_: int = add v179_ v180_;
  v174_: int = id v181_;
  jmp .v175_;
.v163_:
  v182_: int = sub v154_ v4_;
  v183_: int = sub v182_ v4_;
  v184_: int = call @fac v182_;
  v185_: int = call @fac v183_;
  v186_: int = add v184_ v185_;
  v165_: int = id v186_;
  jmp .v166_;
.v6_:
  ret v5_;
}
@main {
.v0_:
  v1_: int = const 2;
  v2_: int = const 0;
  v3_: bool = eq v1_ v2_;
  v4_: int = const 1;
  v5_: int = id v4_;
  br v3_ .v6_ .v7_;
.v7_:
  v8_: bool = eq v1_ v4_;
  br v8_ .v9_ .v10_;
.v9_:
  v11_: bool = eq v2_ v2_;
  v12_: int = id v1_;
  br v11_ .v13_ .v14_;
.v14_:
  v15_: bool = eq v1_ v2_;
  br v15_ .v16_ .v17_;
.v16_:
  v18_: int = call @fac v2_;
  v19_: int = id v1_;
.v20_:
  v12_: int = id v19_;
.v13_:
  v21_: int = id v1_;
.v22_:
  v5_: int = id v21_;
  print v5_;
  ret;
.v17_:
  v23_: int = const -1;
  v24_: int = sub v23_ v1_;
  v25_: int = call @fac v23_;
  v26_: int = call @fac v24_;
  v27_: int = add v25_ v26_;
  v19_: int = id v27_;
  jmp .v20_;
.v10_:
  v28_: bool = eq v2_ v2_;
  v29_: bool = eq v2_ v4_;
  v30_: int = id v4_;
  br v29_ .v31_ .v32_;
.v32_:
  v33_: bool = eq v4_ v4_;
  br v33_ .v34_ .v35_;
.v34_:
  v36_: int = call @fac v2_;
  v37_: int = id v4_;
.v38_:
  v30_: int = id v37_;
.v31_:
  v39_: int = id v4_;
  br v28_ .v40_ .v41_;
.v41_:
  v42_: bool = eq v2_ v4_;
  br v42_ .v43_ .v44_;
.v43_:
  v45_: int = call @fac v2_;
  v46_: int = id v2_;
.v47_:
  v39_: int = id v46_;
.v40_:
  v48_: int = add v30_ v39_;
  v21_: int = id v48_;
  jmp .v22_;
.v44_:
  v49_: int = const -2;
  v50_: int = const -1;
  v51_: int = call @fac v50_;
  v52_: int = call @fac v49_;
  v53_: int = add v51_ v52_;
  v46_: int = id v53_;
  jmp .v47_;
.v35_:
  v54_: int = const -1;
  v55_: int = call @fac v2_;
  v56_: int = call @fac v54_;
  v57_: int = add v55_ v56_;
  v37_: int = id v57_;
  jmp .v38_;
.v6_:
  print v5_;
}
