---
source: tests/files.rs
expression: visualization.result
---
digraph G {
subgraph {
node [ordering=out];
v0 [label="int"];
v1 [label="int"];
v2 [label="add"];
v3 [label="mul"];
v4 [label="div"];
v5 [label="arg 0"];
v6 [label="PRINT"];
v2 -> v0;
v2 -> v1;
v3 -> v0;
v3 -> v1;
v4 -> v2;
v4 -> v3;
v6 -> v4;
v6 -> v5;
}
}

