---
source: tests/files.rs
expression: visualization.result
---
main {
block:
 block:
  x: int = const 4;
  cond: bool = lt x y;
  if cond:
   break 2
  else:

 a: int = const 1;
block:
 a: int = const 1;
block:
 print x;
 return

}
