---
source: tests/files.rs
expression: visualization.result
---
@main(v0: int) {
  v1_: int = const 6;
  v2_: int = const 3;
  print v2_;
  print v1_;
}
