---
source: tests/files.rs
expression: visualization.result
---
@main {
  v0_: int = const 0;
  v1_: int = id v0_;
.v2_:
  v3_: int = const 5;
  v4_: bool = lt v1_ v3_;
<<<<<<< HEAD
  v5_: int = const 5;
  v6_: bool = lt v1_ v5_;
  br v6_ .v7_ .v8_;
.v7_:
  v9_: int = const 1;
  print v9_;
  v10_: int = id v1_;
.v11_:
  v12_: int = const 1;
  v13_: int = add v12_ v1_;
  br v4_ .v14_ .v15_;
||||||| parent of 6820de9a (Snapshots)
  v5_: int = const 5;
  v6_: bool = lt v1_ v5_;
  br v6_ .v7_ .v8_;
.v7_:
  v9_: int = const 1;
  print v9_;
  v10_: int = id v1_;
.v11_:
  v12_: int = const 1;
  v13_: int = add v1_ v12_;
  br v4_ .v14_ .v15_;
=======
  br v4_ .v5_ .v6_;
.v5_:
  v7_: int = const 1;
  print v7_;
  v8_: int = id v1_;
.v9_:
  v10_: int = const 1;
  v11_: int = add v1_ v10_;
  v12_: int = const 6;
  v13_: bool = lt v1_ v12_;
  v1_: int = id v11_;
  br v13_ .v2_ .v14_;
.v6_:
  v15_: int = const 2;
  print v15_;
  v8_: int = id v1_;
  jmp .v9_;
>>>>>>> 6820de9a (Snapshots)
.v14_:
  print v1_;
}
