---
source: tests/files.rs
expression: "format!(\"{}\", res)"
---
@main {
.entry___:
  v0: int = const 1;
  v1: int = const 2;
  v0_: int = const 1;
  v1_: int = const 2;
  v2: int = add v0_ v1_;
  v3_: int = const 1;
  v4_: int = const 2;
  v2_: int = add v3_ v4_;
  print v2_;
  ret;
.sblock___0:
.exit___:
}

