---
source: tests/files.rs
expression: visualization.result
---
@main(v0: int) {
  v1_: int = const 3;
  v2_: int = add v0 v1_;
  v3_: int = const 0;
<<<<<<< HEAD
  v4_: int = id v1_;
  v5_: int = id v2_;
  v6_: int = id v3_;
  v7_: int = id v0;
.v8_:
  v9_: int = const 7;
  v10_: int = mul v4_ v9_;
  print v10_;
  v11_: int = const 2;
  v12_: int = add v11_ v4_;
  v13_: int = add v10_ v6_;
  v14_: bool = lt v4_ v7_;
  v4_: int = id v12_;
  v5_: int = id v5_;
  v6_: int = id v13_;
  v7_: int = id v7_;
  br v14_ .v8_ .v15_;
.v15_:
=======
  v4_: int = const 21;
  v5_: int = id v1_;
  v6_: int = id v2_;
  v7_: int = id v3_;
  v8_: int = id v0;
  v9_: int = id v4_;
.v10_:
  print v9_;
  v11_: int = const 1;
  v12_: int = add v11_ v5_;
  v13_: int = add v9_ v7_;
  v14_: int = const 7;
  v15_: int = add v5_ v14_;
  v16_: bool = lt v5_ v8_;
  v5_: int = id v12_;
  v6_: int = id v6_;
  v7_: int = id v13_;
  v8_: int = id v8_;
  v9_: int = id v15_;
  br v16_ .v10_ .v17_;
.v17_:
  print v7_;
>>>>>>> 39410618 (Update snapshots)
  print v6_;
  print v5_;
}
