---
source: tests/files.rs
expression: visualization.result
---
digraph G {
subgraph {
node [ordering=out];
v0 [label="int"];
v1 [label="int"];
v2 [label="lt"];
v3 [label="int"];
v4 [label="arg 0"];
v5 [label="PRINT"];
v6 [label="int"];
v7 [label="arg 0"];
v8 [label="PRINT"];
v9 [label="Î¦"];
v2 -> v0;
v2 -> v1;
v5 -> v3;
v5 -> v4;
v8 -> v6;
v8 -> v7;
v9 -> v2;
v9 -> v5;
v9 -> v8;
}
}

