---
source: tests/files.rs
expression: visualization.result
---
@one {
.v0_:
  v1_: int = const 3;
  print v1_;
}
@two {
.v0_:
  v1_: int = const 3;
  print v1_;
}
@three {
.v0_:
  v1_: int = const 3;
  print v1_;
}
@main {
.v0_:
  call @three;
}
