---
source: tests/files.rs
expression: visualization.result
---
<svg
	height="1050"
	version="1.1"
	width="1475"
	xmlns="http://www.w3.org/2000/svg">
	<g
		transform="translate(0, 0)">
		<rect
			fill="white"
			height="1050"
			rx="10"
			stroke="black"
			stroke-width="2"
			width="1475">
		</rect>
		<g>
			<path
				d="M 491.66666 0V 10Q 491.66666 20 481.66666 20H 393.33334Q 383.33334 20 383.33334 30V 200"
				fill="transparent"
				stroke="black"
				stroke-linecap="round"
				stroke-width="2">
			</path>
			<path
				d="M 491.66666 0V 10Q 491.66666 20 501.66666 20H 1106.6666Q 1116.6666 20 1116.6666 30V 500"
				fill="transparent"
				stroke="black"
				stroke-linecap="round"
				stroke-width="2">
			</path>
			<path
				d="M 983.3333 0V 20Q 983.3333 30 973.3333 30H 968.3333Q 958.3333 30 958.3333 40V 500"
				fill="transparent"
				stroke="black"
				stroke-linecap="round"
				stroke-width="2">
			</path>
			<path
				d="M 100 150V 170Q 100 180 110 180H 406.66666Q 416.66666 180 416.66666 190V 200"
				fill="transparent"
				stroke="black"
				stroke-linecap="round"
				stroke-width="2">
			</path>
			<path
				d="M 100 150V 170Q 100 180 110 180H 523.3333Q 533.3333 180 533.3333 190V 200"
				fill="transparent"
				stroke="black"
				stroke-linecap="round"
				stroke-width="2">
			</path>
			<path
				d="M 100 150V 170Q 100 180 110 180H 1185.8333Q 1195.8333 180 1195.8333 190V 500"
				fill="transparent"
				stroke="black"
				stroke-linecap="round"
				stroke-width="2">
			</path>
			<path
				d="M 250 150V 160Q 250 170 260 170H 556.6667Q 566.6667 170 566.6667 180V 200"
				fill="transparent"
				stroke="black"
				stroke-linecap="round"
				stroke-width="2">
			</path>
			<path
				d="M 250 150V 160Q 250 170 260 170H 1027.5Q 1037.5 170 1037.5 180V 500"
				fill="transparent"
				stroke="black"
				stroke-linecap="round"
				stroke-width="2">
			</path>
			<path
				d="M 400 300V 320Q 400 330 410 330H 673.3333Q 683.3333 330 683.3333 340V 350"
				fill="transparent"
				stroke="black"
				stroke-linecap="round"
				stroke-width="2">
			</path>
			<path
				d="M 550 300V 310Q 550 320 560 320H 706.6667Q 716.6667 320 716.6667 330V 350"
				fill="transparent"
				stroke="black"
				stroke-linecap="round"
				stroke-width="2">
			</path>
			<path
				d="M 700 450V 465Q 700 475 710 475H 869.1667Q 879.1667 475 879.1667 485V 500"
				fill="transparent"
				stroke="black"
				stroke-linecap="round"
				stroke-width="2">
			</path>
			<path
				d="M 958.3333 850V 860Q 958.3333 870 968.3333 870H 1381.6666Q 1391.6666 870 1391.6666 880V 900"
				fill="transparent"
				stroke="black"
				stroke-linecap="round"
				stroke-width="2">
			</path>
			<path
				d="M 1116.6666 850V 870Q 1116.6666 880 1126.6666 880H 1348.3334Q 1358.3334 880 1358.3334 890V 900"
				fill="transparent"
				stroke="black"
				stroke-linecap="round"
				stroke-width="2">
			</path>
			<path
				d="M 1375 1000V 1015Q 1375 1025 1365 1025H 747.5Q 737.5 1025 737.5 1035V 1050"
				fill="transparent"
				stroke="black"
				stroke-linecap="round"
				stroke-width="2">
			</path>
		</g>
		<g>
			<g
				transform="translate(50, 50)">
				<g>
					<rect
						fill="#FFFF80"
						height="100"
						rx="10"
						stroke="black"
						stroke-width="2"
						width="100">
					</rect>
					<text
						fill="black"
						font-size="50"
						text-anchor="middle"
						x="50"
						y="62.5">
						2
					</text>
				</g>
				<circle
					cx="50"
					cy="100"
					fill="white"
					r="4"
					stroke="black"
					stroke-width="2">
				</circle>
			</g>
			<g
				transform="translate(200, 50)">
				<g>
					<rect
						fill="#FFFF80"
						height="100"
						rx="10"
						stroke="black"
						stroke-width="2"
						width="100">
					</rect>
					<text
						fill="black"
						font-size="50"
						text-anchor="middle"
						x="50"
						y="62.5">
						3
					</text>
				</g>
				<circle
					cx="50"
					cy="100"
					fill="white"
					r="4"
					stroke="black"
					stroke-width="2">
				</circle>
			</g>
			<g
				transform="translate(350, 200)">
				<g>
					<rect
						fill="#FFFF80"
						height="100"
						rx="10"
						stroke="black"
						stroke-width="2"
						width="100">
					</rect>
					<text
						fill="black"
						font-size="50"
						text-anchor="middle"
						x="50"
						y="62.5">
						lt
					</text>
				</g>
				<circle
					cx="33.333332"
					cy="0"
					fill="white"
					r="4"
					stroke="black"
					stroke-width="2">
				</circle>
				<circle
					cx="66.666664"
					cy="0"
					fill="white"
					r="4"
					stroke="black"
					stroke-width="2">
				</circle>
				<circle
					cx="50"
					cy="100"
					fill="white"
					r="4"
					stroke="black"
					stroke-width="2">
				</circle>
			</g>
			<g
				transform="translate(500, 200)">
				<g>
					<rect
						fill="#FFFF80"
						height="100"
						rx="10"
						stroke="black"
						stroke-width="2"
						width="100">
					</rect>
					<text
						fill="black"
						font-size="50"
						text-anchor="middle"
						x="50"
						y="62.5">
						lt
					</text>
				</g>
				<circle
					cx="33.333332"
					cy="0"
					fill="white"
					r="4"
					stroke="black"
					stroke-width="2">
				</circle>
				<circle
					cx="66.666664"
					cy="0"
					fill="white"
					r="4"
					stroke="black"
					stroke-width="2">
				</circle>
				<circle
					cx="50"
					cy="100"
					fill="white"
					r="4"
					stroke="black"
					stroke-width="2">
				</circle>
			</g>
			<g
				transform="translate(650, 350)">
				<g>
					<rect
						fill="#FFFF80"
						height="100"
						rx="10"
						stroke="black"
						stroke-width="2"
						width="100">
					</rect>
					<text
						fill="black"
						font-size="50"
						text-anchor="middle"
						x="50"
						y="62.5">
						and
					</text>
				</g>
				<circle
					cx="33.333332"
					cy="0"
					fill="white"
					r="4"
					stroke="black"
					stroke-width="2">
				</circle>
				<circle
					cx="66.666664"
					cy="0"
					fill="white"
					r="4"
					stroke="black"
					stroke-width="2">
				</circle>
				<circle
					cx="50"
					cy="100"
					fill="white"
					r="4"
					stroke="black"
					stroke-width="2">
				</circle>
			</g>
			<g
				transform="translate(800, 500)">
				<rect
					fill="#80FF80"
					height="350"
					rx="10"
					stroke="black"
					stroke-width="2"
					width="475">
				</rect>
				<text
					fill="black"
					font-size="50"
					x="25"
					y="50">
					match
				</text>
				<g>
					<g
						transform="translate(25, 125)">
						<rect
							fill="white"
							height="200"
							rx="10"
							stroke="black"
							stroke-width="2"
							width="200">
						</rect>
						<g>
							<path
								d="M 40 0V 6Q 40 16 50 16H 106.666664Q 116.666664 16 116.666664 26V 50"
								fill="transparent"
								stroke="black"
								stroke-linecap="round"
								stroke-width="2">
							</path>
							<path
								d="M 80 0V 170Q 80 180 90 180H 123.33333Q 133.33333 180 133.33333 190V 200"
								fill="transparent"
								stroke="black"
								stroke-linecap="round"
								stroke-width="2">
							</path>
							<path
								d="M 160 0V 24Q 160 34 150 34H 93.33333Q 83.33333 34 83.33333 44V 50"
								fill="transparent"
								stroke="black"
								stroke-linecap="round"
								stroke-width="2">
							</path>
							<path
								d="M 100 150V 160Q 100 170 90 170H 76.666664Q 66.666664 170 66.666664 180V 200"
								fill="transparent"
								stroke="black"
								stroke-linecap="round"
								stroke-width="2">
							</path>
						</g>
						<g>
							<g
								transform="translate(50, 50)">
								<g>
									<rect
										fill="#FFFF80"
										height="100"
										rx="10"
										stroke="black"
										stroke-width="2"
										width="100">
									</rect>
									<text
										fill="black"
										font-size="50"
										text-anchor="middle"
										x="50"
										y="62.5">
										PRINT
									</text>
								</g>
								<circle
									cx="33.333332"
									cy="0"
									fill="white"
									r="4"
									stroke="black"
									stroke-width="2">
								</circle>
								<circle
									cx="66.666664"
									cy="0"
									fill="white"
									r="4"
									stroke="black"
									stroke-width="2">
								</circle>
								<circle
									cx="50"
									cy="100"
									fill="white"
									r="4"
									stroke="black"
									stroke-width="2">
								</circle>
							</g>
						</g>
						<g>
							<circle
								cx="40"
								cy="0"
								fill="white"
								r="4"
								stroke="black"
								stroke-width="2">
							</circle>
							<circle
								cx="80"
								cy="0"
								fill="white"
								r="4"
								stroke="black"
								stroke-width="2">
							</circle>
							<circle
								cx="120"
								cy="0"
								fill="white"
								r="4"
								stroke="black"
								stroke-width="2">
							</circle>
							<circle
								cx="160"
								cy="0"
								fill="white"
								r="4"
								stroke="black"
								stroke-width="2">
							</circle>
						</g>
						<g>
							<circle
								cx="66.666664"
								cy="200"
								fill="white"
								r="4"
								stroke="black"
								stroke-width="2">
							</circle>
							<circle
								cx="133.33333"
								cy="200"
								fill="white"
								r="4"
								stroke="black"
								stroke-width="2">
							</circle>
						</g>
					</g>
					<text
						fill="black"
						font-size="50"
						text-anchor="middle"
						x="125"
						y="100">
						0
					</text>
				</g>
				<g>
					<g
						transform="translate(250, 125)">
						<rect
							fill="white"
							height="200"
							rx="10"
							stroke="black"
							stroke-width="2"
							width="200">
						</rect>
						<g>
							<path
								d="M 40 0V 6Q 40 16 50 16H 106.666664Q 116.666664 16 116.666664 26V 50"
								fill="transparent"
								stroke="black"
								stroke-linecap="round"
								stroke-width="2">
							</path>
							<path
								d="M 80 0V 170Q 80 180 90 180H 123.33333Q 133.33333 180 133.33333 190V 200"
								fill="transparent"
								stroke="black"
								stroke-linecap="round"
								stroke-width="2">
							</path>
							<path
								d="M 120 0V 18Q 120 28 110 28H 93.33333Q 83.33333 28 83.33333 38V 50"
								fill="transparent"
								stroke="black"
								stroke-linecap="round"
								stroke-width="2">
							</path>
							<path
								d="M 100 150V 160Q 100 170 90 170H 76.666664Q 66.666664 170 66.666664 180V 200"
								fill="transparent"
								stroke="black"
								stroke-linecap="round"
								stroke-width="2">
							</path>
						</g>
						<g>
							<g
								transform="translate(50, 50)">
								<g>
									<rect
										fill="#FFFF80"
										height="100"
										rx="10"
										stroke="black"
										stroke-width="2"
										width="100">
									</rect>
									<text
										fill="black"
										font-size="50"
										text-anchor="middle"
										x="50"
										y="62.5">
										PRINT
									</text>
								</g>
								<circle
									cx="33.333332"
									cy="0"
									fill="white"
									r="4"
									stroke="black"
									stroke-width="2">
								</circle>
								<circle
									cx="66.666664"
									cy="0"
									fill="white"
									r="4"
									stroke="black"
									stroke-width="2">
								</circle>
								<circle
									cx="50"
									cy="100"
									fill="white"
									r="4"
									stroke="black"
									stroke-width="2">
								</circle>
							</g>
						</g>
						<g>
							<circle
								cx="40"
								cy="0"
								fill="white"
								r="4"
								stroke="black"
								stroke-width="2">
							</circle>
							<circle
								cx="80"
								cy="0"
								fill="white"
								r="4"
								stroke="black"
								stroke-width="2">
							</circle>
							<circle
								cx="120"
								cy="0"
								fill="white"
								r="4"
								stroke="black"
								stroke-width="2">
							</circle>
							<circle
								cx="160"
								cy="0"
								fill="white"
								r="4"
								stroke="black"
								stroke-width="2">
							</circle>
						</g>
						<g>
							<circle
								cx="66.666664"
								cy="200"
								fill="white"
								r="4"
								stroke="black"
								stroke-width="2">
							</circle>
							<circle
								cx="133.33333"
								cy="200"
								fill="white"
								r="4"
								stroke="black"
								stroke-width="2">
							</circle>
						</g>
					</g>
					<text
						fill="black"
						font-size="50"
						text-anchor="middle"
						x="350"
						y="100">
						1
					</text>
				</g>
				<circle
					cx="79.166664"
					cy="0"
					fill="black"
					r="4"
					stroke="black"
					stroke-width="2">
				</circle>
				<circle
					cx="158.33333"
					cy="0"
					fill="white"
					r="4"
					stroke="black"
					stroke-width="2">
				</circle>
				<circle
					cx="237.5"
					cy="0"
					fill="white"
					r="4"
					stroke="black"
					stroke-width="2">
				</circle>
				<circle
					cx="316.66666"
					cy="0"
					fill="white"
					r="4"
					stroke="black"
					stroke-width="2">
				</circle>
				<circle
					cx="395.8333"
					cy="0"
					fill="white"
					r="4"
					stroke="black"
					stroke-width="2">
				</circle>
				<circle
					cx="158.33333"
					cy="350"
					fill="white"
					r="4"
					stroke="black"
					stroke-width="2">
				</circle>
				<circle
					cx="316.66666"
					cy="350"
					fill="white"
					r="4"
					stroke="black"
					stroke-width="2">
				</circle>
			</g>
			<g
				transform="translate(1325, 900)">
				<g>
					<rect
						fill="#FFFF80"
						height="100"
						rx="10"
						stroke="black"
						stroke-width="2"
						width="100">
					</rect>
					<text
						fill="black"
						font-size="50"
						text-anchor="middle"
						x="50"
						y="62.5">
						PRINT
					</text>
				</g>
				<circle
					cx="33.333332"
					cy="0"
					fill="white"
					r="4"
					stroke="black"
					stroke-width="2">
				</circle>
				<circle
					cx="66.666664"
					cy="0"
					fill="white"
					r="4"
					stroke="black"
					stroke-width="2">
				</circle>
				<circle
					cx="50"
					cy="100"
					fill="white"
					r="4"
					stroke="black"
					stroke-width="2">
				</circle>
			</g>
		</g>
		<g>
			<circle
				cx="491.66666"
				cy="0"
				fill="white"
				r="4"
				stroke="black"
				stroke-width="2">
			</circle>
			<circle
				cx="983.3333"
				cy="0"
				fill="white"
				r="4"
				stroke="black"
				stroke-width="2">
			</circle>
		</g>
		<g>
			<circle
				cx="737.5"
				cy="1050"
				fill="white"
				r="4"
				stroke="black"
				stroke-width="2">
			</circle>
		</g>
	</g>
</svg>

