---
source: tests/files.rs
expression: visualization.result
---
@main {
  v0: int = const 3;
  print v0;
}

