---
source: tests/files.rs
expression: visualization.result
---
main {
block:
 block:
  block:
   cond: bool = lt x x;
   if cond:
    break 2
   else:
    break 1
  a: int = const 2;
  break 1
 a: int = const 1;
block:
 w: int = const 2;
 return

}
