---
source: tests/files.rs
expression: visualization.result
---
@main {
  v2: int = const 0;
  v4: int = id v2;
  jmp .__6__;
.__53__:
  v54: int = const 1;
  v55: bool = eq v46 v54;
  v4: int = id v31;
  br v55 .__6__ .__58__;
.__48__:
  v50: int = const 1;
  v45: int = id v31;
  v46: int = id v50;
  jmp .__53__;
.__41__:
  v43: int = const 0;
  v45: int = id v31;
  v46: int = id v43;
  jmp .__53__;
.__27__:
  v29: int = const 1;
  v31: int = add v4 v29;
  v34: int = const 6;
  v36: bool = lt v4 v34;
  br v36 .__48__ .__41__;
.__22__:
  v21: int = const 1;
  print v21;
  v19: int = id v4;
  jmp .__27__;
.__15__:
  v14: int = const 2;
  print v14;
  v19: int = id v4;
  jmp .__27__;
.__6__:
  v7: int = const 5;
  v9: bool = lt v4 v7;
  br v9 .__22__ .__15__;
.__58__:
  print v4;
}

